../Core/Src/main.c:111:13:Telemetry_Tick	16	static
../Core/Src/main.c:125:13:UpdateSensors	16	static
../Core/Src/main.c:145:6:stop_motor	8	static
../Core/Src/main.c:154:6:Force_plunger_min	8	static
../Core/Src/main.c:170:6:descend	8	static
../Core/Src/main.c:187:6:ascend	8	static
../Core/Src/main.c:201:6:HAL_GPIO_EXTI_Callback	16	static
../Core/Src/main.c:218:10:to_seconds	16	static
../Core/Src/main.c:235:13:RunOneShotCalibration	32	static
../Core/Src/main.c:275:13:ErrorBlink	8	static
../Core/Src/main.c:289:5:main	8	static
../Core/Src/main.c:445:6:SystemClock_Config	88	static
../Core/Src/main.c:495:13:MX_ADC1_Init	24	static
../Core/Src/main.c:547:13:MX_I2C1_Init	8	static
../Core/Src/main.c:581:13:MX_I2C2_Init	8	static
../Core/Src/main.c:615:13:MX_RTC_Init	32	static
../Core/Src/main.c:678:13:MX_TIM3_Init	64	static
../Core/Src/main.c:737:13:MX_TIM4_Init	64	static
../Core/Src/main.c:796:13:MX_USART1_UART_Init	8	static
../Core/Src/main.c:829:13:MX_USART2_UART_Init	8	static
../Core/Src/main.c:862:13:MX_USART3_UART_Init	8	static
../Core/Src/main.c:893:13:MX_DMA_Init	16	static
../Core/Src/main.c:911:13:MX_GPIO_Init	48	static
../Core/Src/main.c:957:6:Error_Handler	4	static,ignoring_inline_asm
