../Core/Src/main.c:111:13:Telemetry_Tick	2
../Core/Src/main.c:125:13:UpdateSensors	2
../Core/Src/main.c:145:6:stop_motor	1
../Core/Src/main.c:154:6:Force_plunger_min	3
../Core/Src/main.c:170:6:descend	3
../Core/Src/main.c:187:6:ascend	3
../Core/Src/main.c:201:6:HAL_GPIO_EXTI_Callback	3
../Core/Src/main.c:218:10:to_seconds	1
../Core/Src/main.c:235:13:RunOneShotCalibration	3
../Core/Src/main.c:275:13:ErrorBlink	1
../Core/Src/main.c:289:5:main	19
../Core/Src/main.c:445:6:SystemClock_Config	3
../Core/Src/main.c:495:13:MX_ADC1_Init	3
../Core/Src/main.c:547:13:MX_I2C1_Init	2
../Core/Src/main.c:581:13:MX_I2C2_Init	2
../Core/Src/main.c:615:13:MX_RTC_Init	4
../Core/Src/main.c:678:13:MX_TIM3_Init	6
../Core/Src/main.c:737:13:MX_TIM4_Init	6
../Core/Src/main.c:796:13:MX_USART1_UART_Init	2
../Core/Src/main.c:829:13:MX_USART2_UART_Init	2
../Core/Src/main.c:862:13:MX_USART3_UART_Init	2
../Core/Src/main.c:893:13:MX_DMA_Init	1
../Core/Src/main.c:911:13:MX_GPIO_Init	1
../Core/Src/main.c:957:6:Error_Handler	1
