../Core/Src/VL53L0X.c:53:6:writeReg	32	static
../Core/Src/VL53L0X.c:59:6:writeReg16Bit	32	static
../Core/Src/VL53L0X.c:65:6:writeReg32Bit	32	static
../Core/Src/VL53L0X.c:73:9:readReg	32	static
../Core/Src/VL53L0X.c:79:10:readReg16Bit	32	static
../Core/Src/VL53L0X.c:84:6:writeMulti	40	static
../Core/Src/VL53L0X.c:88:6:readMulti	40	static
../Core/Src/VL53L0X.c:95:6:initVL53L0X	40	static
../Core/Src/VL53L0X.c:181:6:ToF_InitializeSingle	32	static
../Core/Src/VL53L0X.c:198:6:calibrateToF	24	static
../Core/Src/VL53L0X.c:219:6:ToF_ReadSingle	56	static
../Core/Src/VL53L0X.c:237:6:setSignalRateLimit	24	static
../Core/Src/VL53L0X.c:244:9:setMeasurementTimingBudget	88	static
../Core/Src/VL53L0X.c:281:10:getMeasurementTimingBudget	64	static
../Core/Src/VL53L0X.c:308:9:setVcselPulsePeriod	64	static
../Core/Src/VL53L0X.c:366:9:getVcselPulsePeriod	16	static
../Core/Src/VL53L0X.c:372:6:startContinuous	16	static
../Core/Src/VL53L0X.c:379:6:stopContinuous	8	static
../Core/Src/VL53L0X.c:385:10:readRangeContinuousMillimeters	40	static
../Core/Src/VL53L0X.c:408:6:setTimeout	16	static
../Core/Src/VL53L0X.c:411:6:getSpadInfo	32	static
../Core/Src/VL53L0X.c:425:6:getSequenceStepEnables	32	static
../Core/Src/VL53L0X.c:434:6:getSequenceStepTimeouts	16	static
../Core/Src/VL53L0X.c:446:17:decodeTimeout	16	static
../Core/Src/VL53L0X.c:450:17:encodeTimeout	24	static
../Core/Src/VL53L0X.c:463:17:timeoutMclksToMicroseconds	24	static
../Core/Src/VL53L0X.c:468:17:timeoutMicrosecondsToMclks	24	static
../Core/Src/VL53L0X.c:473:6:performSingleRefCalibration	16	static
